###############################################################################
#
# IAR ELF Linker V8.11.2.13589/W32 for ARM                04/Jul/2024  10:02:19
# Copyright 2007-2017 IAR Systems AB.
#
#    Output file  =  
#        C:\Users\Pz\Desktop\Education STM_C-C++\0_Testing\CMSIS_learning_2\for
#        video\Debug\Exe\battery capacity.out
#    Map file     =  
#        C:\Users\Pz\Desktop\Education STM_C-C++\0_Testing\CMSIS_learning_2\for
#        video\Debug\List\battery capacity.map
#    Command line =  
#        -f C:\Users\Pz\AppData\Local\Temp\EW5C99.tmp
#        ("C:\Users\Pz\Desktop\Education
#        STM_C-C++\0_Testing\CMSIS_learning_2\for video\Debug\Obj\main.o"
#        "C:\Users\Pz\Desktop\Education
#        STM_C-C++\0_Testing\CMSIS_learning_2\for
#        video\Debug\Obj\startup_stm32f103xb.o" "C:\Users\Pz\Desktop\Education
#        STM_C-C++\0_Testing\CMSIS_learning_2\for
#        video\Debug\Obj\system_stm32f1xx.o" -o "C:\Users\Pz\Desktop\Education
#        STM_C-C++\0_Testing\CMSIS_learning_2\for video\Debug\Exe\battery
#        capacity.out" --redirect _Printf=_PrintfFullNoMb --redirect
#        _Scanf=_ScanfFullNoMb --map "C:\Users\Pz\Desktop\Education
#        STM_C-C++\0_Testing\CMSIS_learning_2\for video\Debug\List\battery
#        capacity.map" --config "C:\Program Files (x86)\IAR Systems\Embedded
#        Workbench 8.0\arm\config\linker\ST\stm32f103x8.icf" --semihosting
#        --entry __iar_program_start --vfe --text_out locale)
#
###############################################################################

*******************************************************************************
*** RUNTIME MODEL ATTRIBUTES
***

CppFlavor       = *
__SystemLibrary = DLib
__dlib_version  = 6


*******************************************************************************
*** HEAP SELECTION
***

The basic heap was selected because no calls to memory allocation
functions were found in the application outside of system library
functions, and there are calls to deallocation functions in the
application.


*******************************************************************************
*** PLACEMENT SUMMARY
***

"A0":  place at 0x08000000 { ro section .intvec };
"P1":  place in [from 0x08000000 to 0x0800ffff] { ro };
define block CSTACK with size = 2K, alignment = 8 { };
define block HEAP with size = 2K, alignment = 8 { };
"P2":  place in [from 0x20000000 to 0x20004fff] {
          rw, block CSTACK, block HEAP };
initialize by copy { rw };

  Section            Kind        Address   Size  Object
  -------            ----        -------   ----  ------
"A0":                                      0xec
  .intvec            ro code  0x08000000   0xec  startup_stm32f103xb.o [1]
                            - 0x080000ec   0xec

"P1":                                     0x9c3
  .text              ro code  0x080000ec  0x42c  main.o [1]
  .text              ro code  0x08000518   0x1c  U32ToFlt.o [4]
  .text              ro code  0x08000534   0xd8  FltMul.o [4]
  .text              ro code  0x0800060c   0xfc  FltDiv.o [4]
  .text              ro code  0x08000708   0xe2  FltAdd.o [4]
  .text              ro code  0x080007ec   0x22  FltToU32.o [4]
  .text              ro code  0x08000810   0x24  FltCmpLe.o [4]
  .text              ro code  0x08000834   0x74  FltSub.o [4]
  .text              ro code  0x080008a8   0x68  system_stm32f1xx.o [1]
  .text              ro code  0x08000910   0x38  packbits_init_single.o [5]
  .text              ro code  0x08000948   0x28  data_init.o [5]
  .iar.init_table    const    0x08000970   0x10  - Linker created -
  .text              ro code  0x08000980   0x1a  cmain.o [5]
  .text              ro code  0x0800099a    0x4  low_level_init.o [3]
  .text              ro code  0x0800099e    0x4  exit.o [3]
  .text              ro code  0x080009a4    0xa  cexit.o [5]
  .text              ro code  0x080009b0   0x14  exit.o [6]
  .text              ro code  0x080009c4   0x10  startup_stm32f103xb.o [1]
  .text              ro code  0x080009d4    0xc  cstartup_M.o [5]
  .text              ro code  0x080009e0    0x4  startup_stm32f103xb.o [1]
  .text              ro code  0x080009e4    0x4  startup_stm32f103xb.o [1]
  .text              ro code  0x080009e8    0x4  startup_stm32f103xb.o [1]
  .text              ro code  0x080009ec    0x4  startup_stm32f103xb.o [1]
  .text              ro code  0x080009f0    0x4  startup_stm32f103xb.o [1]
  .text              ro code  0x080009f4    0x4  startup_stm32f103xb.o [1]
  .text              ro code  0x080009f8    0x4  startup_stm32f103xb.o [1]
  .text              ro code  0x080009fc    0x4  startup_stm32f103xb.o [1]
  .text              ro code  0x08000a00    0x4  startup_stm32f103xb.o [1]
  .text              ro code  0x08000a04    0x4  startup_stm32f103xb.o [1]
  .text              ro code  0x08000a08    0x4  startup_stm32f103xb.o [1]
  .text              ro code  0x08000a0c    0x4  startup_stm32f103xb.o [1]
  .text              ro code  0x08000a10    0x4  startup_stm32f103xb.o [1]
  .text              ro code  0x08000a14    0x4  startup_stm32f103xb.o [1]
  .text              ro code  0x08000a18    0x4  startup_stm32f103xb.o [1]
  .text              ro code  0x08000a1c    0x4  startup_stm32f103xb.o [1]
  .text              ro code  0x08000a20    0x4  startup_stm32f103xb.o [1]
  .text              ro code  0x08000a24    0x4  startup_stm32f103xb.o [1]
  .text              ro code  0x08000a28    0x4  startup_stm32f103xb.o [1]
  .text              ro code  0x08000a2c    0x4  startup_stm32f103xb.o [1]
  .text              ro code  0x08000a30    0x4  startup_stm32f103xb.o [1]
  .text              ro code  0x08000a34    0x4  startup_stm32f103xb.o [1]
  .text              ro code  0x08000a38    0x4  startup_stm32f103xb.o [1]
  .text              ro code  0x08000a3c    0x4  startup_stm32f103xb.o [1]
  .text              ro code  0x08000a40    0x4  startup_stm32f103xb.o [1]
  .text              ro code  0x08000a44    0x4  startup_stm32f103xb.o [1]
  .text              ro code  0x08000a48    0x4  startup_stm32f103xb.o [1]
  .text              ro code  0x08000a4c    0x4  startup_stm32f103xb.o [1]
  .text              ro code  0x08000a50    0x4  startup_stm32f103xb.o [1]
  .text              ro code  0x08000a54    0x4  startup_stm32f103xb.o [1]
  .text              ro code  0x08000a58    0x4  startup_stm32f103xb.o [1]
  .text              ro code  0x08000a5c    0x4  startup_stm32f103xb.o [1]
  .text              ro code  0x08000a60    0x4  startup_stm32f103xb.o [1]
  .text              ro code  0x08000a64    0x4  startup_stm32f103xb.o [1]
  .text              ro code  0x08000a68    0x4  startup_stm32f103xb.o [1]
  .text              ro code  0x08000a6c    0x4  startup_stm32f103xb.o [1]
  .text              ro code  0x08000a70    0x4  startup_stm32f103xb.o [1]
  .text              ro code  0x08000a74    0x4  startup_stm32f103xb.o [1]
  .text              ro code  0x08000a78    0x4  startup_stm32f103xb.o [1]
  .text              ro code  0x08000a7c    0x4  startup_stm32f103xb.o [1]
  .text              ro code  0x08000a80    0x4  startup_stm32f103xb.o [1]
  .text              ro code  0x08000a84    0x4  startup_stm32f103xb.o [1]
  .text              ro code  0x08000a88    0x4  startup_stm32f103xb.o [1]
  .text              ro code  0x08000a8c    0x4  startup_stm32f103xb.o [1]
  .text              ro code  0x08000a90    0x4  startup_stm32f103xb.o [1]
  .text              ro code  0x08000a94    0x4  startup_stm32f103xb.o [1]
  .text              ro code  0x08000a98    0x4  startup_stm32f103xb.o [1]
  .text              ro code  0x08000a9c    0x4  startup_stm32f103xb.o [1]
  .text              ro code  0x08000aa0    0x4  startup_stm32f103xb.o [1]
  .text              ro code  0x08000aa4    0x4  startup_stm32f103xb.o [1]
  .rodata            const    0x08000aa8    0x0  packbits_init_single.o [5]
  Initializer bytes  const    0x08000aa8    0x7  <for P2-1>
                            - 0x08000aaf  0x9c3

"P2", part 1 of 2:                         0x22
  P2-1                        0x20000000   0x22  <Init block>
    .data            inited   0x20000000    0x4  main.o [1]
    .bss             inited   0x20000004    0x4  main.o [1]
    .bss             inited   0x20000008    0x4  main.o [1]
    .bss             inited   0x2000000c    0x4  main.o [1]
    .bss             inited   0x20000010    0x4  main.o [1]
    .bss             inited   0x20000014    0x4  main.o [1]
    .bss             inited   0x20000018    0x8  main.o [1]
    .bss             inited   0x20000020    0x1  main.o [1]
    .bss             inited   0x20000021    0x1  main.o [1]
                            - 0x20000022   0x22

"P2", part 2 of 2:                        0x800
  CSTACK                      0x20000028  0x800  <Block>
    CSTACK           uninit   0x20000028  0x800  <Block tail>
                            - 0x20000828  0x800


*******************************************************************************
*** INIT TABLE
***

          Address     Size
          -------     ----
Copy/packbits (__iar_packbits_init_single3)
    1 source range, total size 0x7 (20% of destination):
          0x08000aa8   0x7
    1 destination range, total size 0x22:
          0x20000000  0x22



*******************************************************************************
*** MODULE SUMMARY
***

    Module                  ro code  ro data  rw data
    ------                  -------  -------  -------
C:\Users\Pz\Desktop\Education STM_C-C++\0_Testing\CMSIS_learning_2\for video\Debug\Obj: [1]
    main.o                    1 068        7       34
    startup_stm32f103xb.o       452
    system_stm32f1xx.o          104
    -------------------------------------------------
    Total:                    1 624        7       34

command line: [2]
    -------------------------------------------------
    Total:

dl7M_tln.a: [3]
    exit.o                        4
    low_level_init.o              4
    -------------------------------------------------
    Total:                        8

m7M_tl.a: [4]
    FltAdd.o                    226
    FltCmpLe.o                   36
    FltDiv.o                    252
    FltMul.o                    216
    FltSub.o                    116
    FltToU32.o                   34
    U32ToFlt.o                   28
    -------------------------------------------------
    Total:                      908

rt7M_tl.a: [5]
    cexit.o                      10
    cmain.o                      26
    cstartup_M.o                 12
    data_init.o                  40
    packbits_init_single.o       56
    -------------------------------------------------
    Total:                      144

shb_l.a: [6]
    exit.o                       20
    -------------------------------------------------
    Total:                       20

    Gaps                          8
    Linker created                        16    2 048
-----------------------------------------------------
    Grand Total:              2 712       23    2 082


*******************************************************************************
*** ENTRY LIST
***

Entry                      Address  Size  Type      Object
-----                      -------  ----  ----      ------
.iar.init_table$$Base   0x08000970         --   Gb  - Linker created -
.iar.init_table$$Limit  0x08000980         --   Gb  - Linker created -
?main                   0x08000981        Code  Gb  cmain.o [5]
ADC1_2_IRQHandler       0x0800014f  0x60  Code  Gb  main.o [1]
ADC2_Config             0x08000397  0xd6  Code  Gb  main.o [1]
ADC2_Flag               0x20000021   0x1  Data  Gb  main.o [1]
ADC2_Start              0x08000475  0x1a  Code  Gb  main.o [1]
ADC2_VAL                0x20000018   0x8  Data  Gb  main.o [1]
CSTACK$$Base            0x20000028         --   Gb  - Linker created -
CSTACK$$Limit           0x20000828         --   Gb  - Linker created -
GPIO_PA9                0x08000317  0x2e  Code  Gb  main.o [1]
Region$$Table$$Base     0x08000970         --   Gb  - Linker created -
Region$$Table$$Limit    0x08000980         --   Gb  - Linker created -
SystemInit              0x080008a9  0x4e  Code  Gb  system_stm32f1xx.o [1]
System_Clock_Config     0x08000291  0x86  Code  Gb  main.o [1]
TIM1_Config             0x08000345  0x52  Code  Gb  main.o [1]
TIM1_UP_IRQHandler      0x08000135  0x1a  Code  Gb  main.o [1]
USER_delay              0x0800046d   0x8  Code  Gb  main.o [1]
__NVIC_EnableIRQ        0x080000ed  0x1e  Code  Lc  main.o [1]
__NVIC_SetPriority      0x0800010b  0x2a  Code  Lc  main.o [1]
__aeabi_cfcmple         0x08000811        Code  Gb  FltCmpLe.o [4]
__aeabi_f2uiz           0x080007ed        Code  Gb  FltToU32.o [4]
__aeabi_fadd            0x08000709        Code  Gb  FltAdd.o [4]
__aeabi_fdiv            0x0800060d        Code  Gb  FltDiv.o [4]
__aeabi_fmul            0x08000535        Code  Gb  FltMul.o [4]
__aeabi_ui2f            0x08000519        Code  Gb  U32ToFlt.o [4]
__cmain                 0x08000981        Code  Gb  cmain.o [5]
__exit                  0x080009b1  0x14  Code  Gb  exit.o [6]
__iar_data_init3        0x08000949  0x28  Code  Gb  data_init.o [5]
__iar_fadd              0x08000835        Code  Gb  FltSub.o [4]
__iar_fsub              0x08000715        Code  Gb  FltAdd.o [4]
__iar_fsubStart         0x08000725        Code  Gb  FltAdd.o [4]
__iar_packbits_init_single3
                        0x08000911  0x38  Code  Gb  packbits_init_single.o [5]
__iar_program_start     0x080009d5        Code  Gb  cstartup_M.o [5]
__iar_systems$$module {Abs}
                        0x00000001        Data  Gb  command line/config [2]
__low_level_init        0x0800099b   0x4  Code  Gb  low_level_init.o [3]
__vector_table          0x08000000        Data  Gb  startup_stm32f103xb.o [1]
_call_main              0x0800098d        Code  Gb  cmain.o [5]
_exit                   0x080009a5        Code  Gb  cexit.o [5]
_main                   0x08000997        Code  Gb  cmain.o [5]
capacity                0x20000010   0x4  Data  Gb  main.o [1]
exit                    0x0800099f   0x4  Code  Gb  exit.o [3]
main                    0x080001af  0xe2  Code  Gb  main.o [1]
seconds_counter         0x20000014   0x4  Data  Gb  main.o [1]
sum_of_currents         0x2000000c   0x4  Data  Gb  main.o [1]
sum_of_voltages         0x20000008   0x4  Data  Gb  main.o [1]
the_capacity_has_already_been_recalculated_flag
                        0x20000020   0x1  Data  Gb  main.o [1]
voltage                 0x20000004   0x4  Data  Gb  main.o [1]
voltage_constant        0x20000000   0x4  Data  Gb  main.o [1]


[1] = C:\Users\Pz\Desktop\Education STM_C-C++\0_Testing\CMSIS_learning_2\for video\Debug\Obj
[2] = command line
[3] = dl7M_tln.a
[4] = m7M_tl.a
[5] = rt7M_tl.a
[6] = shb_l.a

  2 712 bytes of readonly  code memory
     23 bytes of readonly  data memory
  2 082 bytes of readwrite data memory

Errors: none
Warnings: none
